ERROR:root:job number not found.
ERROR:root:job number not found.
ERROR:root:job number not found.
ERROR:root:name 'sendEmail' is not defined
ERROR:root:job number not found.
ERROR:root:job number not found.
ERROR:root:FAIL .job number not found.
INFO:root:SUCCESS
INFO:root:SUCCESS. 20250328-041601
ERROR:root:FAIL .job number not found.20250328-041617
ERROR:root:FAIL .job number not found.2025YYY03m28d-041741
ERROR:root:FAIL .job number not found.20250328-041807
INFO:root:SUCCESS. 20250328-042329
INFO:root:SUCCESS. 20250328-042411
INFO:root:SUCCESS. 20250328-042512
INFO:root:SUCCESS. 20250403-225633
INFO:root:SUCCESS. 20250403-225649
INFO:root:SUCCESS. 20250403-225731
INFO:root:SUCCESS. 20250430-010854
INFO:root:SUCCESS. 20250430-010951
ERROR:root:FAIL .job number not found.20250430-011323
ERROR:root:FAIL .job number not found.20250430-011634
